"","Family.Porphyromonadaceae.0001","Family.Porphyromonadaceae.0002","Family.Porphyromonadaceae.0003","Bacteroides.0001","Alistipes.0001","Family.Porphyromonadaceae.0004","Barnesiella.0001","Family.Porphyromonadaceae.0005","Lactobacillus.0001","Family.Lachnospiraceae.0001","Family.Porphyromonadaceae.0006","Family.Lachnospiraceae.0002","Kingdom.Bacteria.0001","Family.Porphyromonadaceae.0007","Family.Lachnospiraceae.0003","Family.Lachnospiraceae.0004","Oscillibacter.0001","Family.Lachnospiraceae.0005","Family.Porphyromonadaceae.0008","Family.Lachnospiraceae.0006","Lactobacillus.0002","Clostridium_XlVa.0001","Family.Porphyromonadaceae.0009","Family.Lachnospiraceae.0007","Family.Lachnospiraceae.0008","Family.Lachnospiraceae.0009","Lactobacillus.0003","Oscillibacter.0002","Family.Ruminococcaceae.0001","Family.Lachnospiraceae.0010","Family.Lachnospiraceae.0011","Family.Lachnospiraceae.0012","Family.Ruminococcaceae.0002","Family.Lachnospiraceae.0013","Family.Lachnospiraceae.0014","Family.Lachnospiraceae.0015","Family.Ruminococcaceae.0003","Family.Lachnospiraceae.0016","Family.Lachnospiraceae.0017","Anaeroplasma.0001","Family.Lachnospiraceae.0018","Family.Lachnospiraceae.0019","Kingdom.Bacteria.0002","Family.Lachnospiraceae.0020","Kingdom.Bacteria.0003","Family.Ruminococcaceae.0004","Eubacterium.0001","Family.Lachnospiraceae.0021","Family.Lachnospiraceae.0022","Family.Lachnospiraceae.0023","Family.Lachnospiraceae.0024","Family.Lachnospiraceae.0025","Clostridium_IV.0001","Family.Lachnospiraceae.0026","Family.Lachnospiraceae.0027","Turicibacter.0001","Family.Lachnospiraceae.0028","Family.Lachnospiraceae.0029","Family.Ruminococcaceae.0005","Kingdom.Bacteria.0004","Family.Lachnospiraceae.0030","Family.Lachnospiraceae.0031","Family.Porphyromonadaceae.0010","Johnsonella.0001","Family.Lachnospiraceae.0032","Clostridium_sensu_stricto.0001","Family.Lachnospiraceae.0033","Family.Ruminococcaceae.0006","Family.Ruminococcaceae.0007","TM7_genus_incertae_sedis.0001","Family.Lachnospiraceae.0034","Clostridium_XlVa.0002","Family.Lachnospiraceae.0035","Family.Lachnospiraceae.0036","Family.Lachnospiraceae.0037","Roseburia.0001","Family.Porphyromonadaceae.0011","Family.Lachnospiraceae.0038","Family.Lachnospiraceae.0039","Family.Lachnospiraceae.0040","Family.Lachnospiraceae.0041","Family.Lachnospiraceae.0042","Family.Lachnospiraceae.0043","Family.Lachnospiraceae.0044","Clostridium_XlVb.0001","Order.Clostridiales.0001","Order.Clostridiales.0002","Family.Ruminococcaceae.0008","Family.Lachnospiraceae.0045","Family.Lachnospiraceae.0046","Order.Clostridiales.0003","Family.Lachnospiraceae.0047","Kingdom.Bacteria.0005","Clostridium_XlVb.0002","Class.Clostridia.0001","Pseudomonas.0001","Family.Lachnospiraceae.0048","Family.Ruminococcaceae.0009","Family.Lachnospiraceae.0049","Family.Lachnospiraceae.0050","Family.Lachnospiraceae.0051","Bifidobacterium.0001","Family.Lachnospiraceae.0052","Order.Clostridiales.0004","Butyricicoccus.0001","Family.Lachnospiraceae.0053","Family.Lachnospiraceae.0054","Family.Ruminococcaceae.0010","Family.Ruminococcaceae.0011","Family.Lachnospiraceae.0055","Family.Lachnospiraceae.0056","Order.Clostridiales.0005","Family.Lachnospiraceae.0057","Family.Lachnospiraceae.0058","Family.Lachnospiraceae.0059","Enterorhabdus.0001","Family.Lachnospiraceae.0060","Family.Lachnospiraceae.0061","Family.Lachnospiraceae.0062","Escherichia_Shigella.0001","Streptococcus.0001","Family.Lachnospiraceae.0063","Family.Lachnospiraceae.0064","Family.Ruminococcaceae.0012","Family.Lachnospiraceae.0065","Family.Lachnospiraceae.0066","Oscillibacter.0003","Family.Ruminococcaceae.0013","Family.Ruminococcaceae.0014","Roseburia.0002","Phylum.Firmicutes.0001","Akkermansia.0001","Order.Clostridiales.0006","Family.Lachnospiraceae.0067","Family.Ruminococcaceae.0015","Order.Clostridiales.0007","Family.Ruminococcaceae.0016","Phylum.Firmicutes.0002","Family.Lachnospiraceae.0068","Dorea.0001","Family.Lachnospiraceae.0069","Family.Lachnospiraceae.0070","Clostridium_IV.0002","Oscillibacter.0004","Family.Porphyromonadaceae.0012","Family.Lachnospiraceae.0071","Family.Ruminococcaceae.0017","Family.Lachnospiraceae.0072","Family.Lachnospiraceae.0073","Family.Lachnospiraceae.0074","Order.Clostridiales.0008","Family.Coriobacteriaceae.0001","Family.Lachnospiraceae.0075","Family.Ruminococcaceae.0018","Order.Clostridiales.0009","Oscillibacter.0005","Family.Lachnospiraceae.0076","Order.Clostridiales.0010","Family.Ruminococcaceae.0019","Family.Lachnospiraceae.0077","Family.Ruminococcaceae.0020","Order.Clostridiales.0011","Family.Ruminococcaceae.0021","Order.Clostridiales.0012","Family.Lachnospiraceae.0078","Family.Lachnospiraceae.0079","Kingdom.Bacteria.0006","Clostridium_XlVb.0003","Family.Lachnospiraceae.0080","Family.Ruminococcaceae.0022","Family.Erysipelotrichaceae.0001","Family.Lachnospiraceae.0081","TM7_genus_incertae_sedis.0002","Anaerotruncus.0001","Streptococcus.0002","Pseudoflavonifractor.0001","Family.Lachnospiraceae.0082","Family.Lachnospiraceae.0083","Family.Lachnospiraceae.0084","Family.Lachnospiraceae.0085","Order.Clostridiales.0013","Class.Clostridia.0002","Family.Lachnospiraceae.0086","Order.Clostridiales.0014","Family.Lachnospiraceae.0087","Order.Clostridiales.0015","Family.Lachnospiraceae.0088","Family.Lachnospiraceae.0089","Family.Porphyromonadaceae.0013","Family.Lachnospiraceae.0090","Order.Clostridiales.0016","Kingdom.Bacteria.0007","Order.Clostridiales.0017","Family.Lachnospiraceae.0091","Phylum.Firmicutes.0003","Family.Ruminococcaceae.0023","Family.Ruminococcaceae.0024","Family.Lachnospiraceae.0092","Clostridium_XlVb.0004","Class.Clostridia.0003","Order.Clostridiales.0018","Family.Lachnospiraceae.0093","Order.Clostridiales.0019","Family.Lachnospiraceae.0094","Family.Lachnospiraceae.0095","TM7_genus_incertae_sedis.0003","Family.Coriobacteriaceae.0002","Lachnospiracea_incertae_sedis.0001","Phylum.Firmicutes.0004","Order.Clostridiales.0020","Family.Lachnospiraceae.0096","Escherichia_Shigella.0002","Family.Ruminococcaceae.0025","Family.Lachnospiraceae.0097","Phylum.Bacteroidetes.0001","Order.Clostridiales.0021","Family.Coriobacteriaceae.0003","Family.Porphyromonadaceae.0014","Family.Lachnospiraceae.0098","Family.Lachnospiraceae.0099","Anaeroplasma.0002","Phylum.Firmicutes.0005","Family.Porphyromonadaceae.0015","Family.Lachnospiraceae.0100","Family.Lachnospiraceae.0101","Family.Lachnospiraceae.0102","Order.Bacteroidales.0001","Family.Porphyromonadaceae.0016","Family.Lachnospiraceae.0103","Atopostipes.0001","Pseudomonas.0002","Family.Pseudomonadaceae.0001","Family.Lachnospiraceae.0104","Order.Bacillales.0001","Phylum.Bacteroidetes.0002","Family.Porphyromonadaceae.0017","Family.Porphyromonadaceae.0018","Family.Porphyromonadaceae.0019","Family.Porphyromonadaceae.0020","Family.Porphyromonadaceae.0021","Family.Porphyromonadaceae.0022","Family.Porphyromonadaceae.0023","Family.Porphyromonadaceae.0024","Family.Porphyromonadaceae.0025","Family.Porphyromonadaceae.0026","Family.Porphyromonadaceae.0027","Family.Porphyromonadaceae.0028","Family.Porphyromonadaceae.0029","Family.Porphyromonadaceae.0030","TM7_genus_incertae_sedis.0004","Phylum.Firmicutes.0006","Family.Lachnospiraceae.0105","Phylum.Firmicutes.0007","Phylum.Firmicutes.0008","Clostridium_XlVa.0003","Family.Lachnospiraceae.0106","Family.Lachnospiraceae.0107","Aeromonas.0001","Family.Coriobacteriaceae.0004","Order.Clostridiales.0022","TM7_genus_incertae_sedis.0005","Order.Clostridiales.0023","TM7_genus_incertae_sedis.0006","Family.Lachnospiraceae.0108","Order.Clostridiales.0024","Stenotrophomonas.0001","TM7_genus_incertae_sedis.0007","Kingdom.Bacteria.0008","Family.Lachnospiraceae.0109","Family.Lachnospiraceae.0110","Lishizhenia.0001","Phylum.Bacteroidetes.0003","Family.Porphyromonadaceae.0031","Phylum.Bacteroidetes.0004","Staphylococcus.0001","Weissella.0001","Family.Lachnospiraceae.0111","Oscillibacter.0006","Family.Lachnospiraceae.0112","Family.Ruminococcaceae.0026","Order.Clostridiales.0025","Family.Lachnospiraceae.0113","Family.Lachnospiraceae.0114","Family.Ruminococcaceae.0027","Family.Ruminococcaceae.0028","Family.Lachnospiraceae.0115","Order.Clostridiales.0026","Family.Lachnospiraceae.0116","Family.Ruminococcaceae.0029","Family.Lachnospiraceae.0117","Family.Lachnospiraceae.0118","Family.Lachnospiraceae.0119","Family.Lachnospiraceae.0120","Family.Lachnospiraceae.0121","Family.Lachnospiraceae.0122","Family.Lachnospiraceae.0123","Family.Lachnospiraceae.0124","Family.Lachnospiraceae.0125","Order.Clostridiales.0027","Family.Lachnospiraceae.0126","Family.Clostridiaceae_1.0001","Family.Lachnospiraceae.0127","Family.Lachnospiraceae.0128","Family.Lachnospiraceae.0129","Anaerofustis.0001","Family.Lachnospiraceae.0130","Family.Porphyromonadaceae.0032","Family.Porphyromonadaceae.0033","Family.Porphyromonadaceae.0034","Family.Porphyromonadaceae.0035","Family.Lachnospiraceae.0131","Family.Porphyromonadaceae.0036","Family.Porphyromonadaceae.0037","Family.Porphyromonadaceae.0038","Order.Bacteroidales.0002","Family.Porphyromonadaceae.0039","Family.Porphyromonadaceae.0040","Family.Porphyromonadaceae.0041","Family.Porphyromonadaceae.0042","Family.Ruminococcaceae.0030","Order.Bacteroidales.0003","Order.Clostridiales.0028","Family.Lachnospiraceae.0132","Order.Clostridiales.0029","Family.Ruminococcaceae.0031","Family.Lachnospiraceae.0133","Family.Lachnospiraceae.0134","Family.Lachnospiraceae.0135","Family.Lachnospiraceae.0136","Clostridium_IV.0003","Family.Lachnospiraceae.0137","Order.Clostridiales.0030","Class.Clostridia.0004","Family.Lachnospiraceae.0138"
"F3D0",2,6,4,8,9,5,3,11,28,14,40,15,26,1,7,20,19,36,13,25,46,10,24,33,34,27,34,39,28,23,18,50,29,41,32,53,38,22,55,17,58,57,31,48,41,51,60,39,58,48,334,34,30,40,41,16,41,55,47,42,45,51,35,54,43,12,45,59,334,334,61,52,60,59,61,37,21,37,48,57,58,62,58,57,49,53,47,50,334,60,50,60,47,55,334,55,62,54,57,62,59,44,62,61,58,334,62,334,334,56,62,60,59,334,59,61,59,61,334,60,58,61,60,46,56,334,62,58,334,60,334,53,57,334,60,334,55,52,61,334,56,334,61,334,61,58,62,61,54,60,60,334,334,60,334,60,61,334,62,334,58,62,58,334,334,59,59,62,62,61,62,334,334,60,334,58,59,334,61,334,334,334,334,62,61,62,334,61,334,62,62,60,61,334,62,334,334,334,334,334,334,61,334,334,334,334,334,62,334,334,334,334,334,334,62,334,334,334,62,62,334,334,334,334,62,334,334,62,334,62,334,334,334,334,334,334,334,334,62,334,334,334,334,334,334,334,334,334,334,62,334,334,334,334,62,62,62,62,62,334,334,334,334,334,334,334,62,334,334,334,334,334,334,334,334,334,334,334,334,334,334,334,334,334,334,334,334,334,334,334,334,334,334,334,62,334,334,334,334,62,334,334,334,334,334,334,334,334,334,334,334,334,334,334,334,334,334,334,334,334,334,334,334,334,334,334,334,334,334,62,334,62,334,334
"F3D1",1,2,5,9,6,10,18,15,11,4,24,3,14,16,21,21,13,8,35,41,12,23,40,7,29,31,24,30,25,26,19,21,27,20,34,44,32,28,46,33,17,51,22,45,56,36,53,40,50,38,334,37,42,39,52,334,41,45,59,59,57,60,55,48,53,334,47,33,48,41,54,53,58,53,59,52,59,49,54,56,49,334,53,43,53,57,60,53,59,56,57,57,58,57,58,56,57,56,58,59,59,334,334,53,61,57,334,61,61,334,59,334,51,58,54,59,60,334,59,60,56,60,59,334,59,59,334,334,334,334,334,334,334,334,334,334,334,61,61,58,59,61,60,57,334,61,59,59,334,60,59,61,60,60,60,334,334,334,59,334,334,334,334,334,334,61,61,61,334,61,334,334,334,334,334,334,61,334,334,334,334,334,334,334,334,334,59,334,334,334,334,334,334,334,61,58,61,60,61,334,334,334,334,334,61,59,334,334,334,61,334,334,334,334,334,334,334,334,334,334,334,334,334,334,334,334,334,334,334,334,334,61,334,334,334,334,61,334,334,334,334,334,334,334,334,334,334,334,61,334,334,61,61,334,334,334,334,334,334,334,334,334,334,334,334,61,334,61,334,334,334,334,334,334,334,334,334,334,61,334,61,334,334,334,334,61,334,61,61,334,334,334,334,61,334,334,334,334,334,334,334,334,334,61,334,61,334,61,334,334,334,334,334,334,334,334,334,334,334,61,334,334,334,334,334,61,61,334,334,334,334,334,334,334
"F3D2",1,2,4,10,3,8,7,5,12,6,13,11,9,20,20,14,17,15,21,31,40,26,18,28,22,16,54,24,29,19,36,25,27,33,38,37,23,32,48,34,42,30,33,35,56,36,43,50,60,46,76,30,50,49,48,61,47,39,41,52,50,55,53,44,60,77,45,44,51,76,57,65,51,54,76,52,65,63,64,52,68,73,58,62,61,66,73,71,67,71,69,68,72,69,64,67,61,71,69,72,59,74,73,69,73,70,76,69,66,76,73,73,71,68,75,68,71,70,72,72,75,76,73,77,74,75,73,76,77,72,334,71,73,334,75,334,334,76,75,75,77,73,76,74,74,76,74,334,75,75,334,76,74,334,75,76,334,334,76,72,77,75,334,74,334,76,76,76,334,76,334,77,334,76,74,334,77,334,77,77,334,334,334,76,334,334,334,334,75,334,77,334,76,77,76,334,77,334,334,75,334,334,334,334,76,334,75,334,334,77,76,334,334,334,334,334,334,76,334,334,334,334,76,334,334,334,77,334,77,334,77,334,334,334,77,77,334,334,334,77,77,334,334,334,77,334,77,334,334,334,334,334,334,334,334,334,334,334,334,334,334,334,334,334,334,334,334,334,334,334,334,77,77,334,77,77,334,334,334,334,334,334,334,334,334,334,334,334,334,334,334,77,334,334,334,334,77,334,334,334,77,334,77,334,334,334,334,334,77,77,334,77,334,334,334,334,77,334,334,334,77,334,334,334,77,334,334,77,334,334,334,334,77,334
"F3D3",1,2,4,3,5,9,10,7,14,27,8,16,6,20,18,18,32,37,15,25,11,24,13,34,30,36,12,27,31,32,36,37,30,30,35,28,39,32,39,30,33,28,19,36,23,35,17,38,22,33,334,32,40,37,41,21,33,39,25,26,40,37,29,40,334,334,37,35,334,31,37,41,24,36,39,40,41,41,334,34,39,38,38,40,37,40,37,41,31,38,41,334,334,38,38,41,39,39,41,334,334,28,334,41,334,41,334,334,40,334,334,40,334,40,334,39,334,334,40,41,38,41,41,334,334,41,41,37,334,41,334,334,334,39,334,33,334,334,41,40,41,41,41,41,40,334,334,334,334,334,334,41,334,334,40,41,334,334,334,41,334,334,334,334,334,334,334,41,334,41,41,334,39,334,334,334,334,334,334,334,334,41,334,334,334,334,334,334,41,334,334,334,334,334,334,334,334,334,334,334,334,334,334,334,334,334,334,334,40,334,334,334,334,41,334,334,334,334,334,334,334,334,334,334,334,334,334,334,334,334,334,334,334,334,334,334,334,334,334,334,334,334,41,41,334,41,334,334,334,334,334,334,334,334,334,334,334,334,334,334,334,334,334,334,334,334,334,334,334,334,334,334,334,334,334,334,334,334,334,41,334,334,334,334,334,334,41,334,334,334,334,334,334,334,334,334,334,334,334,334,334,41,334,334,334,334,41,334,334,334,334,334,334,334,41,334,334,334,41,334,334,334,334,334,334,334,334,334,41,334,334,334,334,41
"F3D5",1,3,2,7,4,8,6,5,17,11,10,12,37,32,22,15,19,37,13,9,13,27,20,18,19,14,43,22,25,42,23,28,30,26,34,25,41,29,33,49,16,24,44,34,32,41,44,33,38,35,21,334,34,40,40,28,334,44,40,39,46,31,38,41,47,49,44,48,41,35,43,43,36,43,48,48,334,48,45,49,43,48,47,48,49,44,46,47,45,42,43,44,48,334,45,48,47,46,42,42,49,334,47,47,46,43,48,45,47,334,49,48,46,334,49,47,49,47,49,46,334,49,48,334,334,49,49,49,47,49,334,334,334,46,49,47,334,49,49,49,334,334,49,48,49,334,48,49,334,49,49,334,49,334,49,48,49,334,49,334,334,46,334,334,334,334,334,334,334,334,334,334,334,334,334,334,334,48,334,334,48,334,334,334,334,334,334,49,334,49,334,334,334,334,334,334,334,334,334,334,334,49,334,334,334,334,334,334,334,334,334,334,49,49,49,334,334,334,334,334,334,334,334,334,334,334,334,334,334,334,334,334,334,334,334,334,334,334,334,334,334,334,334,334,334,334,334,49,334,334,334,334,334,334,334,334,334,334,334,334,334,334,334,334,334,334,334,334,334,334,334,334,334,334,334,334,334,334,334,334,334,334,49,334,334,334,334,334,334,334,49,334,334,334,334,334,334,334,334,334,334,334,334,334,334,334,334,334,334,334,334,334,334,334,334,334,334,334,334,334,334,49,334,334,334,334,334,334,334,334,334,334,334,334
"F3D6",1,2,3,4,8,7,6,9,5,12,10,18,14,43,20,18,11,38,15,13,21,19,29,39,22,44,34,23,17,34,24,26,38,25,16,28,27,33,35,48,36,31,50,39,36,43,38,37,34,39,33,52,38,32,30,334,37,47,50,47,37,40,48,43,40,334,46,52,40,42,32,28,45,43,42,52,334,49,42,53,45,41,46,51,48,46,52,48,44,52,52,44,53,48,49,49,51,48,49,47,51,334,42,51,52,49,51,48,51,48,52,47,53,50,52,52,52,47,52,51,52,50,52,334,52,51,47,53,52,53,334,334,52,48,46,52,51,334,50,53,53,51,51,53,334,334,334,334,334,53,334,52,53,53,334,334,53,334,53,53,53,53,334,334,52,334,334,334,50,334,334,334,334,53,334,334,334,50,53,52,334,53,53,334,334,53,334,334,334,334,53,334,334,53,334,334,334,334,53,334,334,334,53,334,334,334,334,334,53,334,334,334,53,334,334,334,334,334,53,334,334,52,334,334,334,334,53,334,334,334,334,334,334,53,334,334,334,53,334,334,334,53,334,334,334,334,334,334,334,334,334,334,334,334,334,334,334,334,334,334,334,334,334,334,334,334,334,334,334,334,334,334,334,53,334,334,53,53,334,334,334,334,334,334,53,334,334,334,334,53,334,334,334,334,334,53,334,334,53,334,334,334,334,334,53,334,334,334,334,334,334,334,334,334,334,53,334,334,334,334,334,334,53,334,334,334,334,334,334,334,334,334,334,334
"F3D7",1,3,4,2,8,7,5,6,10,18,9,14,13,28,24,27,11,21,12,15,23,25,22,31,24,32,14,26,19,29,29,33,28,20,30,16,26,29,20,24,32,28,36,30,13,35,17,30,26,31,31,36,33,26,32,35,33,30,27,20,32,28,30,34,30,334,35,36,32,23,30,36,34,31,35,334,334,35,36,35,33,25,36,35,36,334,32,334,32,35,36,334,31,33,36,35,36,334,36,334,35,334,334,36,36,35,33,34,334,34,35,36,334,36,334,35,36,334,35,35,36,334,36,334,36,36,35,36,334,334,35,334,334,36,334,334,334,334,334,334,334,334,334,334,35,334,334,36,334,334,334,36,334,36,36,334,334,334,334,334,334,334,334,36,334,334,334,334,334,334,36,334,34,334,36,36,334,334,334,35,34,334,334,334,334,334,36,334,334,36,334,334,334,334,334,334,334,334,334,334,36,334,35,334,334,334,334,334,334,334,334,334,334,334,334,334,36,334,334,334,35,334,334,334,334,35,334,334,334,334,334,334,334,334,334,334,334,334,334,334,334,334,334,334,334,334,334,334,334,334,334,334,334,36,334,334,334,334,334,36,334,334,334,334,334,334,334,334,36,334,334,334,334,334,334,334,334,334,334,334,334,334,334,334,334,334,334,334,334,334,334,334,334,334,334,334,334,334,334,334,334,334,334,334,334,334,334,334,334,334,334,334,334,334,334,334,334,36,334,334,334,334,334,334,334,334,334,334,334,334,334,334,334,334
"F3D8",5,2,3,1,4,7,9,6,8,15,12,18,34,49,16,15,22,11,34,13,36,14,37,17,16,23,10,20,22,20,27,26,24,25,19,21,41,35,17,42,35,29,43,31,33,28,31,30,24,32,18,49,46,46,34,45,44,41,43,43,36,50,47,41,37,50,41,47,38,40,40,45,49,44,29,49,334,45,41,44,40,37,46,44,49,43,48,41,48,39,48,43,48,45,44,46,47,46,49,49,50,334,334,47,41,48,43,48,46,48,48,49,47,47,45,49,48,49,47,48,49,48,334,334,334,48,334,49,46,48,41,334,48,334,334,334,50,334,50,50,334,50,50,334,334,334,50,49,334,50,49,50,49,48,50,334,49,48,334,50,50,334,50,50,48,334,334,50,334,334,49,48,334,334,50,334,334,334,50,334,334,334,49,50,49,50,334,50,334,50,334,50,334,334,334,334,49,334,334,334,334,334,334,334,334,334,334,49,334,334,334,334,334,334,334,334,50,334,334,334,334,334,334,50,50,334,334,334,334,334,334,334,334,334,334,334,334,334,334,334,334,334,334,334,334,334,334,334,334,334,334,334,334,334,334,334,334,334,334,334,334,334,334,334,50,334,334,334,334,334,334,334,334,334,334,334,334,334,334,334,334,334,334,50,334,334,334,334,334,334,334,334,334,334,334,334,334,50,334,334,334,334,334,334,334,334,334,334,334,334,334,334,50,50,334,334,334,334,334,334,334,334,334,50,334,334,334,334,334,334,334,334,334,334
"F3D9",2,5,3,1,4,6,8,7,9,10,11,13,28,55,29,30,24,14,39,16,35,26,31,15,12,30,39,19,20,38,28,18,23,25,21,22,39,42,11,36,37,33,59,36,36,37,39,32,27,40,17,58,44,47,39,334,46,44,47,43,41,31,52,46,34,334,55,53,42,52,53,49,58,49,29,58,334,57,50,50,50,48,54,58,56,53,48,54,53,51,53,55,53,55,54,54,52,56,54,45,53,334,44,55,52,56,46,54,54,50,46,51,334,56,55,59,53,56,56,334,59,54,56,334,58,56,59,59,53,58,55,334,59,58,59,59,57,334,58,58,59,57,58,334,59,56,59,57,334,334,58,57,59,59,334,58,56,53,59,334,59,334,58,59,58,334,334,334,59,334,59,58,334,334,334,334,334,334,59,334,334,57,58,59,334,59,334,334,334,334,59,334,334,58,334,334,334,59,59,334,58,334,334,57,334,334,334,334,334,334,334,58,334,334,334,58,334,334,334,59,334,334,334,59,334,334,334,334,334,334,334,334,59,334,334,334,334,334,334,334,334,334,334,334,334,334,334,334,334,334,59,334,334,334,334,334,334,334,334,334,59,59,59,59,334,334,334,334,334,59,59,334,334,334,334,334,334,334,334,334,334,59,334,334,334,334,334,334,334,334,334,334,59,334,334,334,334,334,334,334,334,334,334,334,334,334,334,334,334,334,59,334,334,334,334,334,334,334,334,334,334,334,334,334,334,334,334,334,334,334,59,334,334,334
